// Jest Snapshot v1, https://goo.gl/fbAQLP

exports[`renders DropDownSelect component correctly 1`] = `
<div>
  <select
    id="opts"
    onChange={[Function]}
  >
    <option
      value="Option 1"
    >
      Option 1
    </option>
    <option
      value="Option 2"
    >
      Option 2
    </option>
    <option
      value="Option 3"
    >
      Option 3
    </option>
    <option
      value="Option 4"
    >
      Option 4
    </option>
  </select>
  <label
    for="opts"
  >
    Select...
  </label>
</div>
`;
