// Jest Snapshot v1, https://goo.gl/fbAQLP

exports[`renders TextInput component correctly 1`] = `
<div>
  <label
    htmlFor="textToSearch"
  >
    Text to analyze...
  </label>
  <textarea
    className="materialize-textarea"
    id="textToSearch"
    onChange={[Function]}
  />
</div>
`;
