// Jest Snapshot v1, https://goo.gl/fbAQLP

exports[`renders Title component correctly 1`] = `
<h3>
  Text Analyzer
</h3>
`;
